// Jest Snapshot v1, https://goo.gl/fbAQLP

exports[`Features component tests if the component is rendered properly 1`] = `
Array [
  <h2>
    [translated] features
  </h2>,
  <ul>
    <li>
      Webpack 4
    </li>
    <li>
      Babel 7
    </li>
    <li>
      ESLint 5
    </li>
    <li>
      Flow Type
    </li>
    <li>
      React 16.6
    </li>
    <li>
      React Router 4
    </li>
    <li>
      Redux (+ Thunk)
    </li>
    <li>
      Reselect
    </li>
    <li>
      React Helmet
    </li>
    <li>
      Express Webserver + Server Side Prerendering
    </li>
    <li>
      [translated] i18n-support
    </li>
    <li>
      Jest 24
    </li>
    <li>
      CSS Modules
    </li>
    <li>
      PostCSS
    </li>
    <li>
      Prettier (incl. precommit-hook via lint-staged + husky)
    </li>
    <li>
      HMR (buggy, see Readme)
    </li>
  </ul>,
]
`;
